SSSCI Docker 功能测试报告
测试时间: Mon Nov 24 13:43:35 CST 2025
========================================

[PASS] 健康检查API
[FAIL] 用户注册
   错误: Expected 201, got 500
